// Jest Snapshot v1, https://goo.gl/fbAQLP

exports[`ArrowUp should match snapshot 1`] = `
<div>
  <svg
    class="PJLV"
    fill="none"
    height="18"
    viewBox="0 0 16 18"
    width="18"
    xmlns="http://www.w3.org/2000/svg"
  >
    <path
      class="PJLV"
      d="M8.19922 17.25V0.75M8.19922 0.75L1.44922 7.5M8.19922 0.75L14.9492 7.5"
      stroke="#898989"
      stroke-linecap="round"
      stroke-linejoin="round"
      stroke-width="1.5"
    />
  </svg>
</div>
`;
