// Jest Snapshot v1, https://goo.gl/fbAQLP

exports[`AngleUp should match snapshot 1`] = `
<div>
  <svg
    class="PJLV"
    fill="none"
    height="18"
    viewBox="0 0 24 24"
    width="18"
    xmlns="http://www.w3.org/2000/svg"
  >
    <path
      class="PJLV"
      d="M4.5 15L12 7.5L19.5 15"
      stroke="#898989"
      stroke-linecap="round"
      stroke-linejoin="round"
    />
  </svg>
</div>
`;
